// Jest Snapshot v1, https://goo.gl/fbAQLP

exports[`App renders 1`] = `
<DocumentFragment>
  <nav
    class="navbar navbar-expand-lg navbar-dark animate__animated animate__fadeIn"
  >
    <div
      class="container"
    >
      <a
        class="d-flex align-items-center navbar-brand"
        href="#"
      >
        <span
          aria-label="Octopus"
          class="mr-2"
          role="img"
          style="font-size: 32px;"
        >
          🐙
        </span>
        +
        <img
          alt="brand"
          class="ml-3"
          height="32"
          src="sink_32.png"
          width="32"
        />
      </a>
      <button
        aria-controls="navbarSupportedContent"
        aria-expanded="false"
        aria-label="Toggle navigation"
        class="navbar-toggler"
        data-target="#navbarSupportedContent"
        data-toggle="collapse"
        type="button"
      >
        <span
          class="navbar-toggler-icon"
        />
      </button>
      <div
        class="collapse navbar-collapse"
        id="navbarSupportedContent"
      >
        <ul
          class="navbar-nav mr-auto"
        />
        <button
          class="btn btn-outline-primary my-2 my-sm-0"
        >
          Sign Out
        </button>
      </div>
    </div>
  </nav>
  <div
    class="d-flex flex-column align-items-center justify-content-center w-100 full-height-with-nav animate__animated animate__fadeIn"
  >
    <div
      class="d-flex justify-content-center display-3 text-center text-muted"
    >
      <span
        aria-label="desert island"
        role="img"
      >
        🏝️
      </span>
      <span>
        Aloha, 
      </span>
      <span
        class="d-flex ml-3 false"
        data-testid="username"
      >
        George
      </span>
      !
    </div>
    <button
      class="d-flex align-items-center justify-content-center btn btn-outline-primary mt-4"
      style="height: 38px; width: 128px;"
    >
      <span>
        Reverse Name
      </span>
    </button>
    <div
      class="mt-3 animate__animated animate__fadeOut"
    >
      <p
        class="text-warning"
      />
    </div>
  </div>
</DocumentFragment>
`;
