// Jest Snapshot v1, https://goo.gl/fbAQLP

exports[`<NotFound/> renders 1`] = `
<DocumentFragment>
  <div
    class="container d-flex flex-column align-items-center justify-content-center w-100 vh-100 text-muted animate__animated animate__fadeIn"
    data-testid="sign-in-page"
  >
    <div
      class="d-flex align-items-center justify-content-center display-3 mb-3"
    >
      <span
        aria-label="RTL Octopus Logo"
        role="img"
      >
        üêô
      </span>
      +
      <span>
        <img
          alt="sink"
          class="ml-2"
          src="sink.png"
          style="height: 96px; width: 96px;"
        />
      </span>
    </div>
    <form
      class="d-flex flex-column align-items-center "
      data-testid="sign-in-form"
    >
      <div
        class="form-group mt-3"
      >
        <label
          class="text-primary"
          for="usernameInput"
        >
          Username
        </label>
        <input
          class="form-control myInput"
          id="usernameInput"
          placeholder="George"
          type="text"
          value=""
        />
      </div>
      <button
        class="d-flex align-items-center justify-content-center btn btn-outline-primary mt-3"
        style="height: 38px; width: 76px;"
        type="submit"
      >
        <span>
          Sign In
        </span>
      </button>
    </form>
    <div
      class="mt-3 "
    >
      <p
        class="text-warning"
      />
    </div>
  </div>
</DocumentFragment>
`;
